
> step-mesh-studio@0.1.0 test
> node --test test/*.test.cjs

TAP version 13
# Subtest: Real worker: revisions, stale writes, bounded failure, restored mesh, export integrity, save/reopen
ok 1 - Real worker: revisions, stale writes, bounded failure, restored mesh, export integrity, save/reopen
  ---
  duration_ms: 1083.122666
  type: 'test'
  ...
# Subtest: Missing setup exports mesh only, underconstraint fails and incorrect references cannot write
ok 2 - Missing setup exports mesh only, underconstraint fails and incorrect references cannot write
  ---
  duration_ms: 529.579958
  type: 'test'
  ...
# Subtest: Cancellation interrupts the real worker and preserves accepted mesh
ok 3 - Cancellation interrupts the real worker and preserves accepted mesh
  ---
  duration_ms: 312.489667
  type: 'test'
  ...
1..3
# tests 3
# suites 0
# pass 3
# fail 0
# cancelled 0
# skipped 0
# todo 0
# duration_ms 1968.712958
